[33mAssets in public directory cannot be imported from JavaScript.
If you intend to import that asset, put the file in the src directory, and use [36m/src/quiz/穿搭小達人 - 出題架構.csv?raw[33m instead of [36m/data/quiz/穿搭小達人 - 出題架構.csv?raw[33m.
If you intend to use the URL of that asset, use [36m/quiz/穿搭小達人 - 出題架構.csv?url&raw[33m.[39m
[33mAssets in public directory cannot be imported from JavaScript.
If you intend to import that asset, put the file in the src directory, and use [36m/src/quiz/穿搭小達人 - 單字標籤.csv?raw[33m instead of [36m/data/quiz/穿搭小達人 - 單字標籤.csv?raw[33m.
If you intend to use the URL of that asset, use [36m/quiz/穿搭小達人 - 單字標籤.csv?url&raw[33m.[39m
[33mAssets in public directory cannot be imported from JavaScript.
If you intend to import that asset, put the file in the src directory, and use [36m/src/quiz/穿搭規則對照表.csv?raw[33m instead of [36m/data/quiz/穿搭規則對照表.csv?raw[33m.
If you intend to use the URL of that asset, use [36m/quiz/穿搭規則對照表.csv?url&raw[33m.[39m
[33mAssets in public directory cannot be imported from JavaScript.
If you intend to import that asset, put the file in the src directory, and use [36m/src/quiz/feedback_messages.csv?raw[33m instead of [36m/data/quiz/feedback_messages.csv?raw[33m.
If you intend to use the URL of that asset, use [36m/quiz/feedback_messages.csv?url&raw[33m.[39m
[33mAssets in public directory cannot be imported from JavaScript.
If you intend to import that asset, put the file in the src directory, and use [36m/src/quiz/穿搭小達人 - 出題架構.csv?raw[33m instead of [36m/data/quiz/穿搭小達人 - 出題架構.csv?raw[33m.
If you intend to use the URL of that asset, use [36m/quiz/穿搭小達人 - 出題架構.csv?url&raw[33m.[39m
[33mAssets in public directory cannot be imported from JavaScript.
If you intend to import that asset, put the file in the src directory, and use [36m/src/quiz/穿搭小達人 - 單字標籤.csv?raw[33m instead of [36m/data/quiz/穿搭小達人 - 單字標籤.csv?raw[33m.
If you intend to use the URL of that asset, use [36m/quiz/穿搭小達人 - 單字標籤.csv?url&raw[33m.[39m
[33mAssets in public directory cannot be imported from JavaScript.
If you intend to import that asset, put the file in the src directory, and use [36m/src/quiz/穿搭規則對照表.csv?raw[33m instead of [36m/data/quiz/穿搭規則對照表.csv?raw[33m.
If you intend to use the URL of that asset, use [36m/quiz/穿搭規則對照表.csv?url&raw[33m.[39m
[33mAssets in public directory cannot be imported from JavaScript.
If you intend to import that asset, put the file in the src directory, and use [36m/src/quiz/feedback_messages.csv?raw[33m instead of [36m/data/quiz/feedback_messages.csv?raw[33m.
If you intend to use the URL of that asset, use [36m/quiz/feedback_messages.csv?url&raw[33m.[39m
[33mAssets in public directory cannot be imported from JavaScript.
If you intend to import that asset, put the file in the src directory, and use [36m/src/quiz/feedback_messages.csv?raw[33m instead of [36m/data/quiz/feedback_messages.csv?raw[33m.
If you intend to use the URL of that asset, use [36m/quiz/feedback_messages.csv?url&raw[33m.[39m
[33mAssets in public directory cannot be imported from JavaScript.
If you intend to import that asset, put the file in the src directory, and use [36m/src/quiz/feedback_messages.csv?raw[33m instead of [36m/data/quiz/feedback_messages.csv?raw[33m.
If you intend to use the URL of that asset, use [36m/quiz/feedback_messages.csv?url&raw[33m.[39m
[33mAssets in public directory cannot be imported from JavaScript.
If you intend to import that asset, put the file in the src directory, and use [36m/src/quiz/feedback_messages.csv?raw[33m instead of [36m/data/quiz/feedback_messages.csv?raw[33m.
If you intend to use the URL of that asset, use [36m/quiz/feedback_messages.csv?url&raw[33m.[39m
[33mAssets in public directory cannot be imported from JavaScript.
If you intend to import that asset, put the file in the src directory, and use [36m/src/quiz/feedback_messages.csv?raw[33m instead of [36m/data/quiz/feedback_messages.csv?raw[33m.
If you intend to use the URL of that asset, use [36m/quiz/feedback_messages.csv?url&raw[33m.[39m
[33mAssets in public directory cannot be imported from JavaScript.
If you intend to import that asset, put the file in the src directory, and use [36m/src/quiz/feedback_messages.csv?raw[33m instead of [36m/data/quiz/feedback_messages.csv?raw[33m.
If you intend to use the URL of that asset, use [36m/quiz/feedback_messages.csv?url&raw[33m.[39m
[33mAssets in public directory cannot be imported from JavaScript.
If you intend to import that asset, put the file in the src directory, and use [36m/src/quiz/feedback_messages.csv?raw[33m instead of [36m/data/quiz/feedback_messages.csv?raw[33m.
If you intend to use the URL of that asset, use [36m/quiz/feedback_messages.csv?url&raw[33m.[39m
[33mAssets in public directory cannot be imported from JavaScript.
If you intend to import that asset, put the file in the src directory, and use [36m/src/quiz/穿搭規則對照表.csv?raw[33m instead of [36m/data/quiz/穿搭規則對照表.csv?raw[33m.
If you intend to use the URL of that asset, use [36m/quiz/穿搭規則對照表.csv?url&raw[33m.[39m
[33mAssets in public directory cannot be imported from JavaScript.
If you intend to import that asset, put the file in the src directory, and use [36m/src/quiz/穿搭規則對照表.csv?raw[33m instead of [36m/data/quiz/穿搭規則對照表.csv?raw[33m.
If you intend to use the URL of that asset, use [36m/quiz/穿搭規則對照表.csv?url&raw[33m.[39m
[33mAssets in public directory cannot be imported from JavaScript.
If you intend to import that asset, put the file in the src directory, and use [36m/src/quiz/feedback_messages.csv?raw[33m instead of [36m/data/quiz/feedback_messages.csv?raw[33m.
If you intend to use the URL of that asset, use [36m/quiz/feedback_messages.csv?url&raw[33m.[39m
[33mAssets in public directory cannot be imported from JavaScript.
If you intend to import that asset, put the file in the src directory, and use [36m/src/quiz/feedback_messages.csv?raw[33m instead of [36m/data/quiz/feedback_messages.csv?raw[33m.
If you intend to use the URL of that asset, use [36m/quiz/feedback_messages.csv?url&raw[33m.[39m
[33mAssets in public directory cannot be imported from JavaScript.
If you intend to import that asset, put the file in the src directory, and use [36m/src/quiz/feedback_messages.csv?raw[33m instead of [36m/data/quiz/feedback_messages.csv?raw[33m.
If you intend to use the URL of that asset, use [36m/quiz/feedback_messages.csv?url&raw[33m.[39m
[33mAssets in public directory cannot be imported from JavaScript.
If you intend to import that asset, put the file in the src directory, and use [36m/src/quiz/feedback_messages.csv?raw[33m instead of [36m/data/quiz/feedback_messages.csv?raw[33m.
If you intend to use the URL of that asset, use [36m/quiz/feedback_messages.csv?url&raw[33m.[39m
[33mAssets in public directory cannot be imported from JavaScript.
If you intend to import that asset, put the file in the src directory, and use [36m/src/quiz/feedback_messages.csv?raw[33m instead of [36m/data/quiz/feedback_messages.csv?raw[33m.
If you intend to use the URL of that asset, use [36m/quiz/feedback_messages.csv?url&raw[33m.[39m
[33mAssets in public directory cannot be imported from JavaScript.
If you intend to import that asset, put the file in the src directory, and use [36m/src/quiz/feedback_messages.csv?raw[33m instead of [36m/data/quiz/feedback_messages.csv?raw[33m.
If you intend to use the URL of that asset, use [36m/quiz/feedback_messages.csv?url&raw[33m.[39m
[33mAssets in public directory cannot be imported from JavaScript.
If you intend to import that asset, put the file in the src directory, and use [36m/src/quiz/feedback_messages.csv?raw[33m instead of [36m/data/quiz/feedback_messages.csv?raw[33m.
If you intend to use the URL of that asset, use [36m/quiz/feedback_messages.csv?url&raw[33m.[39m
[33mAssets in public directory cannot be imported from JavaScript.
If you intend to import that asset, put the file in the src directory, and use [36m/src/quiz/穿搭小達人 - 出題架構.csv?raw[33m instead of [36m/data/quiz/穿搭小達人 - 出題架構.csv?raw[33m.
If you intend to use the URL of that asset, use [36m/quiz/穿搭小達人 - 出題架構.csv?url&raw[33m.[39m
[33mAssets in public directory cannot be imported from JavaScript.
If you intend to import that asset, put the file in the src directory, and use [36m/src/quiz/穿搭小達人 - 出題架構.csv?raw[33m instead of [36m/data/quiz/穿搭小達人 - 出題架構.csv?raw[33m.
If you intend to use the URL of that asset, use [36m/quiz/穿搭小達人 - 出題架構.csv?url&raw[33m.[39m
[33mAssets in public directory cannot be imported from JavaScript.
If you intend to import that asset, put the file in the src directory, and use [36m/src/quiz/穿搭小達人 - 出題架構.csv?raw[33m instead of [36m/data/quiz/穿搭小達人 - 出題架構.csv?raw[33m.
If you intend to use the URL of that asset, use [36m/quiz/穿搭小達人 - 出題架構.csv?url&raw[33m.[39m
[33mAssets in public directory cannot be imported from JavaScript.
If you intend to import that asset, put the file in the src directory, and use [36m/src/quiz/穿搭小達人 - 出題架構.csv?raw[33m instead of [36m/data/quiz/穿搭小達人 - 出題架構.csv?raw[33m.
If you intend to use the URL of that asset, use [36m/quiz/穿搭小達人 - 出題架構.csv?url&raw[33m.[39m
[33mAssets in public directory cannot be imported from JavaScript.
If you intend to import that asset, put the file in the src directory, and use [36m/src/quiz/穿搭小達人 - 出題架構.csv?raw[33m instead of [36m/data/quiz/穿搭小達人 - 出題架構.csv?raw[33m.
If you intend to use the URL of that asset, use [36m/quiz/穿搭小達人 - 出題架構.csv?url&raw[33m.[39m
[33mAssets in public directory cannot be imported from JavaScript.
If you intend to import that asset, put the file in the src directory, and use [36m/src/quiz/穿搭小達人 - 單字標籤.csv?raw[33m instead of [36m/data/quiz/穿搭小達人 - 單字標籤.csv?raw[33m.
If you intend to use the URL of that asset, use [36m/quiz/穿搭小達人 - 單字標籤.csv?url&raw[33m.[39m
[33mAssets in public directory cannot be imported from JavaScript.
If you intend to import that asset, put the file in the src directory, and use [36m/src/quiz/穿搭規則對照表.csv?raw[33m instead of [36m/data/quiz/穿搭規則對照表.csv?raw[33m.
If you intend to use the URL of that asset, use [36m/quiz/穿搭規則對照表.csv?url&raw[33m.[39m
[33mAssets in public directory cannot be imported from JavaScript.
If you intend to import that asset, put the file in the src directory, and use [36m/src/quiz/feedback_messages.csv?raw[33m instead of [36m/data/quiz/feedback_messages.csv?raw[33m.
If you intend to use the URL of that asset, use [36m/quiz/feedback_messages.csv?url&raw[33m.[39m
[33mAssets in public directory cannot be imported from JavaScript.
If you intend to import that asset, put the file in the src directory, and use [36m/src/quiz/穿搭小達人 - 出題架構.csv?raw[33m instead of [36m/data/quiz/穿搭小達人 - 出題架構.csv?raw[33m.
If you intend to use the URL of that asset, use [36m/quiz/穿搭小達人 - 出題架構.csv?url&raw[33m.[39m
[33mAssets in public directory cannot be imported from JavaScript.
If you intend to import that asset, put the file in the src directory, and use [36m/src/quiz/穿搭小達人 - 單字標籤.csv?raw[33m instead of [36m/data/quiz/穿搭小達人 - 單字標籤.csv?raw[33m.
If you intend to use the URL of that asset, use [36m/quiz/穿搭小達人 - 單字標籤.csv?url&raw[33m.[39m
[33mAssets in public directory cannot be imported from JavaScript.
If you intend to import that asset, put the file in the src directory, and use [36m/src/quiz/穿搭規則對照表.csv?raw[33m instead of [36m/data/quiz/穿搭規則對照表.csv?raw[33m.
If you intend to use the URL of that asset, use [36m/quiz/穿搭規則對照表.csv?url&raw[33m.[39m
[33mAssets in public directory cannot be imported from JavaScript.
If you intend to import that asset, put the file in the src directory, and use [36m/src/quiz/feedback_messages.csv?raw[33m instead of [36m/data/quiz/feedback_messages.csv?raw[33m.
If you intend to use the URL of that asset, use [36m/quiz/feedback_messages.csv?url&raw[33m.[39m
[33mAssets in public directory cannot be imported from JavaScript.
If you intend to import that asset, put the file in the src directory, and use [36m/src/quiz/穿搭小達人 - 出題架構.csv?raw[33m instead of [36m/data/quiz/穿搭小達人 - 出題架構.csv?raw[33m.
If you intend to use the URL of that asset, use [36m/quiz/穿搭小達人 - 出題架構.csv?url&raw[33m.[39m
[33mAssets in public directory cannot be imported from JavaScript.
If you intend to import that asset, put the file in the src directory, and use [36m/src/quiz/穿搭小達人 - 單字標籤.csv?raw[33m instead of [36m/data/quiz/穿搭小達人 - 單字標籤.csv?raw[33m.
If you intend to use the URL of that asset, use [36m/quiz/穿搭小達人 - 單字標籤.csv?url&raw[33m.[39m
[33mAssets in public directory cannot be imported from JavaScript.
If you intend to import that asset, put the file in the src directory, and use [36m/src/quiz/穿搭規則對照表.csv?raw[33m instead of [36m/data/quiz/穿搭規則對照表.csv?raw[33m.
If you intend to use the URL of that asset, use [36m/quiz/穿搭規則對照表.csv?url&raw[33m.[39m
[33mAssets in public directory cannot be imported from JavaScript.
If you intend to import that asset, put the file in the src directory, and use [36m/src/quiz/feedback_messages.csv?raw[33m instead of [36m/data/quiz/feedback_messages.csv?raw[33m.
If you intend to use the URL of that asset, use [36m/quiz/feedback_messages.csv?url&raw[33m.[39m
[33mAssets in public directory cannot be imported from JavaScript.
If you intend to import that asset, put the file in the src directory, and use [36m/src/quiz/穿搭小達人 - 出題架構.csv?raw[33m instead of [36m/data/quiz/穿搭小達人 - 出題架構.csv?raw[33m.
If you intend to use the URL of that asset, use [36m/quiz/穿搭小達人 - 出題架構.csv?url&raw[33m.[39m
[33mAssets in public directory cannot be imported from JavaScript.
If you intend to import that asset, put the file in the src directory, and use [36m/src/quiz/穿搭小達人 - 出題架構.csv?raw[33m instead of [36m/data/quiz/穿搭小達人 - 出題架構.csv?raw[33m.
If you intend to use the URL of that asset, use [36m/quiz/穿搭小達人 - 出題架構.csv?url&raw[33m.[39m
[33mAssets in public directory cannot be imported from JavaScript.
If you intend to import that asset, put the file in the src directory, and use [36m/src/quiz/穿搭小達人 - 出題架構.csv?raw[33m instead of [36m/data/quiz/穿搭小達人 - 出題架構.csv?raw[33m.
If you intend to use the URL of that asset, use [36m/quiz/穿搭小達人 - 出題架構.csv?url&raw[33m.[39m
[33mAssets in public directory cannot be imported from JavaScript.
If you intend to import that asset, put the file in the src directory, and use [36m/src/quiz/穿搭小達人 - 單字標籤.csv?raw[33m instead of [36m/data/quiz/穿搭小達人 - 單字標籤.csv?raw[33m.
If you intend to use the URL of that asset, use [36m/quiz/穿搭小達人 - 單字標籤.csv?url&raw[33m.[39m
[33mAssets in public directory cannot be imported from JavaScript.
If you intend to import that asset, put the file in the src directory, and use [36m/src/quiz/穿搭規則對照表.csv?raw[33m instead of [36m/data/quiz/穿搭規則對照表.csv?raw[33m.
If you intend to use the URL of that asset, use [36m/quiz/穿搭規則對照表.csv?url&raw[33m.[39m
[33mAssets in public directory cannot be imported from JavaScript.
If you intend to import that asset, put the file in the src directory, and use [36m/src/quiz/feedback_messages.csv?raw[33m instead of [36m/data/quiz/feedback_messages.csv?raw[33m.
If you intend to use the URL of that asset, use [36m/quiz/feedback_messages.csv?url&raw[33m.[39m
[33mAssets in public directory cannot be imported from JavaScript.
If you intend to import that asset, put the file in the src directory, and use [36m/src/quiz/穿搭小達人 - 出題架構.csv?raw[33m instead of [36m/data/quiz/穿搭小達人 - 出題架構.csv?raw[33m.
If you intend to use the URL of that asset, use [36m/quiz/穿搭小達人 - 出題架構.csv?url&raw[33m.[39m
[33mAssets in public directory cannot be imported from JavaScript.
If you intend to import that asset, put the file in the src directory, and use [36m/src/quiz/穿搭小達人 - 出題架構.csv?raw[33m instead of [36m/data/quiz/穿搭小達人 - 出題架構.csv?raw[33m.
If you intend to use the URL of that asset, use [36m/quiz/穿搭小達人 - 出題架構.csv?url&raw[33m.[39m
[33mAssets in public directory cannot be imported from JavaScript.
If you intend to import that asset, put the file in the src directory, and use [36m/src/quiz/穿搭小達人 - 單字標籤.csv?raw[33m instead of [36m/data/quiz/穿搭小達人 - 單字標籤.csv?raw[33m.
If you intend to use the URL of that asset, use [36m/quiz/穿搭小達人 - 單字標籤.csv?url&raw[33m.[39m
[33mAssets in public directory cannot be imported from JavaScript.
If you intend to import that asset, put the file in the src directory, and use [36m/src/quiz/穿搭規則對照表.csv?raw[33m instead of [36m/data/quiz/穿搭規則對照表.csv?raw[33m.
If you intend to use the URL of that asset, use [36m/quiz/穿搭規則對照表.csv?url&raw[33m.[39m
[33mAssets in public directory cannot be imported from JavaScript.
If you intend to import that asset, put the file in the src directory, and use [36m/src/quiz/feedback_messages.csv?raw[33m instead of [36m/data/quiz/feedback_messages.csv?raw[33m.
If you intend to use the URL of that asset, use [36m/quiz/feedback_messages.csv?url&raw[33m.[39m
[33mAssets in public directory cannot be imported from JavaScript.
If you intend to import that asset, put the file in the src directory, and use [36m/src/quiz/穿搭小達人 - 出題架構.csv?raw[33m instead of [36m/data/quiz/穿搭小達人 - 出題架構.csv?raw[33m.
If you intend to use the URL of that asset, use [36m/quiz/穿搭小達人 - 出題架構.csv?url&raw[33m.[39m
[33mAssets in public directory cannot be imported from JavaScript.
If you intend to import that asset, put the file in the src directory, and use [36m/src/quiz/穿搭小達人 - 單字標籤.csv?raw[33m instead of [36m/data/quiz/穿搭小達人 - 單字標籤.csv?raw[33m.
If you intend to use the URL of that asset, use [36m/quiz/穿搭小達人 - 單字標籤.csv?url&raw[33m.[39m
[33mAssets in public directory cannot be imported from JavaScript.
If you intend to import that asset, put the file in the src directory, and use [36m/src/quiz/穿搭規則對照表.csv?raw[33m instead of [36m/data/quiz/穿搭規則對照表.csv?raw[33m.
If you intend to use the URL of that asset, use [36m/quiz/穿搭規則對照表.csv?url&raw[33m.[39m
[33mAssets in public directory cannot be imported from JavaScript.
If you intend to import that asset, put the file in the src directory, and use [36m/src/quiz/feedback_messages.csv?raw[33m instead of [36m/data/quiz/feedback_messages.csv?raw[33m.
If you intend to use the URL of that asset, use [36m/quiz/feedback_messages.csv?url&raw[33m.[39m
[33mAssets in public directory cannot be imported from JavaScript.
If you intend to import that asset, put the file in the src directory, and use [36m/src/quiz/穿搭小達人 - 出題架構.csv?raw[33m instead of [36m/data/quiz/穿搭小達人 - 出題架構.csv?raw[33m.
If you intend to use the URL of that asset, use [36m/quiz/穿搭小達人 - 出題架構.csv?url&raw[33m.[39m
[33mAssets in public directory cannot be imported from JavaScript.
If you intend to import that asset, put the file in the src directory, and use [36m/src/quiz/穿搭小達人 - 單字標籤.csv?raw[33m instead of [36m/data/quiz/穿搭小達人 - 單字標籤.csv?raw[33m.
If you intend to use the URL of that asset, use [36m/quiz/穿搭小達人 - 單字標籤.csv?url&raw[33m.[39m
[33mAssets in public directory cannot be imported from JavaScript.
If you intend to import that asset, put the file in the src directory, and use [36m/src/quiz/穿搭規則對照表.csv?raw[33m instead of [36m/data/quiz/穿搭規則對照表.csv?raw[33m.
If you intend to use the URL of that asset, use [36m/quiz/穿搭規則對照表.csv?url&raw[33m.[39m
[33mAssets in public directory cannot be imported from JavaScript.
If you intend to import that asset, put the file in the src directory, and use [36m/src/quiz/feedback_messages.csv?raw[33m instead of [36m/data/quiz/feedback_messages.csv?raw[33m.
If you intend to use the URL of that asset, use [36m/quiz/feedback_messages.csv?url&raw[33m.[39m
[33mAssets in public directory cannot be imported from JavaScript.
If you intend to import that asset, put the file in the src directory, and use [36m/src/quiz/穿搭小達人 - 出題架構.csv?raw[33m instead of [36m/data/quiz/穿搭小達人 - 出題架構.csv?raw[33m.
If you intend to use the URL of that asset, use [36m/quiz/穿搭小達人 - 出題架構.csv?url&raw[33m.[39m
[33mAssets in public directory cannot be imported from JavaScript.
If you intend to import that asset, put the file in the src directory, and use [36m/src/quiz/穿搭小達人 - 單字標籤.csv?raw[33m instead of [36m/data/quiz/穿搭小達人 - 單字標籤.csv?raw[33m.
If you intend to use the URL of that asset, use [36m/quiz/穿搭小達人 - 單字標籤.csv?url&raw[33m.[39m
[33mAssets in public directory cannot be imported from JavaScript.
If you intend to import that asset, put the file in the src directory, and use [36m/src/quiz/穿搭規則對照表.csv?raw[33m instead of [36m/data/quiz/穿搭規則對照表.csv?raw[33m.
If you intend to use the URL of that asset, use [36m/quiz/穿搭規則對照表.csv?url&raw[33m.[39m
[33mAssets in public directory cannot be imported from JavaScript.
If you intend to import that asset, put the file in the src directory, and use [36m/src/quiz/feedback_messages.csv?raw[33m instead of [36m/data/quiz/feedback_messages.csv?raw[33m.
If you intend to use the URL of that asset, use [36m/quiz/feedback_messages.csv?url&raw[33m.[39m
[33mAssets in public directory cannot be imported from JavaScript.
If you intend to import that asset, put the file in the src directory, and use [36m/src/quiz/穿搭小達人 - 出題架構.csv?raw[33m instead of [36m/data/quiz/穿搭小達人 - 出題架構.csv?raw[33m.
If you intend to use the URL of that asset, use [36m/quiz/穿搭小達人 - 出題架構.csv?url&raw[33m.[39m
[33mAssets in public directory cannot be imported from JavaScript.
If you intend to import that asset, put the file in the src directory, and use [36m/src/quiz/穿搭小達人 - 單字標籤.csv?raw[33m instead of [36m/data/quiz/穿搭小達人 - 單字標籤.csv?raw[33m.
If you intend to use the URL of that asset, use [36m/quiz/穿搭小達人 - 單字標籤.csv?url&raw[33m.[39m
[33mAssets in public directory cannot be imported from JavaScript.
If you intend to import that asset, put the file in the src directory, and use [36m/src/quiz/穿搭規則對照表.csv?raw[33m instead of [36m/data/quiz/穿搭規則對照表.csv?raw[33m.
If you intend to use the URL of that asset, use [36m/quiz/穿搭規則對照表.csv?url&raw[33m.[39m
[33mAssets in public directory cannot be imported from JavaScript.
If you intend to import that asset, put the file in the src directory, and use [36m/src/quiz/feedback_messages.csv?raw[33m instead of [36m/data/quiz/feedback_messages.csv?raw[33m.
If you intend to use the URL of that asset, use [36m/quiz/feedback_messages.csv?url&raw[33m.[39m
[33mAssets in public directory cannot be imported from JavaScript.
If you intend to import that asset, put the file in the src directory, and use [36m/src/quiz/穿搭小達人 - 出題架構.csv?raw[33m instead of [36m/data/quiz/穿搭小達人 - 出題架構.csv?raw[33m.
If you intend to use the URL of that asset, use [36m/quiz/穿搭小達人 - 出題架構.csv?url&raw[33m.[39m
[33mAssets in public directory cannot be imported from JavaScript.
If you intend to import that asset, put the file in the src directory, and use [36m/src/quiz/穿搭小達人 - 單字標籤.csv?raw[33m instead of [36m/data/quiz/穿搭小達人 - 單字標籤.csv?raw[33m.
If you intend to use the URL of that asset, use [36m/quiz/穿搭小達人 - 單字標籤.csv?url&raw[33m.[39m
[33mAssets in public directory cannot be imported from JavaScript.
If you intend to import that asset, put the file in the src directory, and use [36m/src/quiz/穿搭規則對照表.csv?raw[33m instead of [36m/data/quiz/穿搭規則對照表.csv?raw[33m.
If you intend to use the URL of that asset, use [36m/quiz/穿搭規則對照表.csv?url&raw[33m.[39m
[33mAssets in public directory cannot be imported from JavaScript.
If you intend to import that asset, put the file in the src directory, and use [36m/src/quiz/feedback_messages.csv?raw[33m instead of [36m/data/quiz/feedback_messages.csv?raw[33m.
If you intend to use the URL of that asset, use [36m/quiz/feedback_messages.csv?url&raw[33m.[39m
[33mAssets in public directory cannot be imported from JavaScript.
If you intend to import that asset, put the file in the src directory, and use [36m/src/quiz/穿搭小達人 - 出題架構.csv?raw[33m instead of [36m/data/quiz/穿搭小達人 - 出題架構.csv?raw[33m.
If you intend to use the URL of that asset, use [36m/quiz/穿搭小達人 - 出題架構.csv?url&raw[33m.[39m
[33mAssets in public directory cannot be imported from JavaScript.
If you intend to import that asset, put the file in the src directory, and use [36m/src/quiz/穿搭小達人 - 單字標籤.csv?raw[33m instead of [36m/data/quiz/穿搭小達人 - 單字標籤.csv?raw[33m.
If you intend to use the URL of that asset, use [36m/quiz/穿搭小達人 - 單字標籤.csv?url&raw[33m.[39m
[33mAssets in public directory cannot be imported from JavaScript.
If you intend to import that asset, put the file in the src directory, and use [36m/src/quiz/穿搭規則對照表.csv?raw[33m instead of [36m/data/quiz/穿搭規則對照表.csv?raw[33m.
If you intend to use the URL of that asset, use [36m/quiz/穿搭規則對照表.csv?url&raw[33m.[39m
[33mAssets in public directory cannot be imported from JavaScript.
If you intend to import that asset, put the file in the src directory, and use [36m/src/quiz/feedback_messages.csv?raw[33m instead of [36m/data/quiz/feedback_messages.csv?raw[33m.
If you intend to use the URL of that asset, use [36m/quiz/feedback_messages.csv?url&raw[33m.[39m
[33mAssets in public directory cannot be imported from JavaScript.
If you intend to import that asset, put the file in the src directory, and use [36m/src/i18n/dictionary_entries.csv?raw[33m instead of [36m/data/i18n/dictionary_entries.csv?raw[33m.
If you intend to use the URL of that asset, use [36m/i18n/dictionary_entries.csv?url&raw[33m.[39m
[33mAssets in public directory cannot be imported from JavaScript.
If you intend to import that asset, put the file in the src directory, and use [36m/src/i18n/dictionary_entries.csv?raw[33m instead of [36m/data/i18n/dictionary_entries.csv?raw[33m.
If you intend to use the URL of that asset, use [36m/i18n/dictionary_entries.csv?url&raw[33m.[39m
[33mAssets in public directory cannot be imported from JavaScript.
If you intend to import that asset, put the file in the src directory, and use [36m/src/quiz/穿搭小達人 - 出題架構.csv?raw[33m instead of [36m/data/quiz/穿搭小達人 - 出題架構.csv?raw[33m.
If you intend to use the URL of that asset, use [36m/quiz/穿搭小達人 - 出題架構.csv?url&raw[33m.[39m
[33mAssets in public directory cannot be imported from JavaScript.
If you intend to import that asset, put the file in the src directory, and use [36m/src/quiz/穿搭小達人 - 單字標籤.csv?raw[33m instead of [36m/data/quiz/穿搭小達人 - 單字標籤.csv?raw[33m.
If you intend to use the URL of that asset, use [36m/quiz/穿搭小達人 - 單字標籤.csv?url&raw[33m.[39m
[33mAssets in public directory cannot be imported from JavaScript.
If you intend to import that asset, put the file in the src directory, and use [36m/src/quiz/穿搭規則對照表.csv?raw[33m instead of [36m/data/quiz/穿搭規則對照表.csv?raw[33m.
If you intend to use the URL of that asset, use [36m/quiz/穿搭規則對照表.csv?url&raw[33m.[39m
[33mAssets in public directory cannot be imported from JavaScript.
If you intend to import that asset, put the file in the src directory, and use [36m/src/quiz/feedback_messages.csv?raw[33m instead of [36m/data/quiz/feedback_messages.csv?raw[33m.
If you intend to use the URL of that asset, use [36m/quiz/feedback_messages.csv?url&raw[33m.[39m
[33mAssets in public directory cannot be imported from JavaScript.
If you intend to import that asset, put the file in the src directory, and use [36m/src/i18n/dictionary_entries.csv?raw[33m instead of [36m/data/i18n/dictionary_entries.csv?raw[33m.
If you intend to use the URL of that asset, use [36m/i18n/dictionary_entries.csv?url&raw[33m.[39m
[33mAssets in public directory cannot be imported from JavaScript.
If you intend to import that asset, put the file in the src directory, and use [36m/src/quiz/穿搭小達人 - 出題架構.csv?raw[33m instead of [36m/data/quiz/穿搭小達人 - 出題架構.csv?raw[33m.
If you intend to use the URL of that asset, use [36m/quiz/穿搭小達人 - 出題架構.csv?url&raw[33m.[39m
[33mAssets in public directory cannot be imported from JavaScript.
If you intend to import that asset, put the file in the src directory, and use [36m/src/quiz/穿搭小達人 - 單字標籤.csv?raw[33m instead of [36m/data/quiz/穿搭小達人 - 單字標籤.csv?raw[33m.
If you intend to use the URL of that asset, use [36m/quiz/穿搭小達人 - 單字標籤.csv?url&raw[33m.[39m
[33mAssets in public directory cannot be imported from JavaScript.
If you intend to import that asset, put the file in the src directory, and use [36m/src/quiz/穿搭規則對照表.csv?raw[33m instead of [36m/data/quiz/穿搭規則對照表.csv?raw[33m.
If you intend to use the URL of that asset, use [36m/quiz/穿搭規則對照表.csv?url&raw[33m.[39m
[33mAssets in public directory cannot be imported from JavaScript.
If you intend to import that asset, put the file in the src directory, and use [36m/src/quiz/feedback_messages.csv?raw[33m instead of [36m/data/quiz/feedback_messages.csv?raw[33m.
If you intend to use the URL of that asset, use [36m/quiz/feedback_messages.csv?url&raw[33m.[39m
[33mAssets in public directory cannot be imported from JavaScript.
If you intend to import that asset, put the file in the src directory, and use [36m/src/quiz/穿搭小達人 - 出題架構.csv?raw[33m instead of [36m/data/quiz/穿搭小達人 - 出題架構.csv?raw[33m.
If you intend to use the URL of that asset, use [36m/quiz/穿搭小達人 - 出題架構.csv?url&raw[33m.[39m
[33mAssets in public directory cannot be imported from JavaScript.
If you intend to import that asset, put the file in the src directory, and use [36m/src/quiz/穿搭小達人 - 單字標籤.csv?raw[33m instead of [36m/data/quiz/穿搭小達人 - 單字標籤.csv?raw[33m.
If you intend to use the URL of that asset, use [36m/quiz/穿搭小達人 - 單字標籤.csv?url&raw[33m.[39m
[33mAssets in public directory cannot be imported from JavaScript.
If you intend to import that asset, put the file in the src directory, and use [36m/src/quiz/穿搭規則對照表.csv?raw[33m instead of [36m/data/quiz/穿搭規則對照表.csv?raw[33m.
If you intend to use the URL of that asset, use [36m/quiz/穿搭規則對照表.csv?url&raw[33m.[39m
[33mAssets in public directory cannot be imported from JavaScript.
If you intend to import that asset, put the file in the src directory, and use [36m/src/quiz/feedback_messages.csv?raw[33m instead of [36m/data/quiz/feedback_messages.csv?raw[33m.
If you intend to use the URL of that asset, use [36m/quiz/feedback_messages.csv?url&raw[33m.[39m
[33mAssets in public directory cannot be imported from JavaScript.
If you intend to import that asset, put the file in the src directory, and use [36m/src/i18n/dictionary_entries.csv?raw[33m instead of [36m/data/i18n/dictionary_entries.csv?raw[33m.
If you intend to use the URL of that asset, use [36m/i18n/dictionary_entries.csv?url&raw[33m.[39m
